I'm sorry, but errors were detected in your script. Please correct the
errors listed below, and try again.


File "game/screens.rpy", line 370: style property Borders is not known.
    Borders Borders(150, 8, 150, 8)
           ^

Ren'Py Version: Ren'Py 8.2.3.24061702
Sat Aug 24 09:02:15 2024
